C51 COMPILER V8.16   GPIO                                                                  02/09/2026 11:43:27 PAGE 1   


C51 COMPILER V8.16, COMPILATION OF MODULE GPIO
OBJECT MODULE PLACED IN .\GPIO.obj
COMPILER INVOKED BY: C:\Keil\C51\BIN\C51.EXE ..\..\..\..\Projekatispravljen\Projekat(Parking)\GPIO.c OPTIMIZE(0,SPEED) B
                    -ROWSE DEBUG OBJECTEXTEND PRINT(.\GPIO.lst) OBJECT(.\GPIO.obj)

line level    source

   1          #include "GPIO.h"
   2          #include <at89c51rc2.h>
   3          
   4          void initGPIO(void)
   5          {
   6   1              P0 = 0xFF; // ulazni port
   7   1              P2 = 0x00; // izlazni port
   8   1      }


MODULE INFORMATION:   STATIC OVERLAYABLE
   CODE SIZE        =      7    ----
   CONSTANT SIZE    =   ----    ----
   XDATA SIZE       =   ----    ----
   PDATA SIZE       =   ----    ----
   DATA SIZE        =   ----    ----
   IDATA SIZE       =   ----    ----
   BIT SIZE         =   ----    ----
END OF MODULE INFORMATION.


C51 COMPILATION COMPLETE.  0 WARNING(S),  0 ERROR(S)
